// Jest Snapshot v1, https://goo.gl/fbAQLP

exports[`Header Renders with default color/size 1`] = `ShallowWrapper {}`;
