// Jest Snapshot v1, https://goo.gl/fbAQLP

exports[`SignUpForm Renders with sign up form 1`] = `ShallowWrapper {}`;
