// Jest Snapshot v1, https://goo.gl/fbAQLP

exports[`Profile Renders with user profile tabs settings 1`] = `ShallowWrapper {}`;
