// Jest Snapshot v1, https://goo.gl/fbAQLP

exports[`AccountDetailForm Renders with default form 1`] = `ShallowWrapper {}`;
