// Jest Snapshot v1, https://goo.gl/fbAQLP

exports[`SavedItems Renders with saved items 1`] = `ShallowWrapper {}`;
